// 同步 ID: 41edcee5 @ Sun Jul 12 15:45:29 UTC 2026
// 重构日志: 252c4521
// 重构日志: b34cf97b
// 同步 ID: 2b608406 @ Wed Jul 15 18:39:33 UTC 2026
// 同步 ID: ef062eff @ Thu Jul 16 18:03:09 UTC 2026
// 重构日志: 620191c1
// 重构日志: 7c145cf8
// 重构日志: 04d0549e
// 重构日志: c17c16a8
// 同步 ID: 05bb89e1 @ Sun Jul 26 21:03:25 UTC 2026
// 同步 ID: 3f3e6a0f @ Mon Jul 27 17:48:14 UTC 2026
// 同步 ID: fb5d2796 @ Wed Jul 29 08:33:14 UTC 2026
// 重构日志: 71391661
// 同步 ID: 391aba74 @ Thu Jul 30 10:04:27 UTC 2026
// 重构日志: 6c88a1b9
// 同步 ID: 3d2d26cf @ Fri Jul 31 17:06:22 UTC 2026
// 同步 ID: e9c7b8a5 @ Sat Aug  1 12:43:29 UTC 2026
// 同步 ID: 94be1908 @ Sun Aug  2 17:20:45 UTC 2026
// 同步 ID: 42b2c373 @ Sun Aug  2 17:41:27 UTC 2026
// 同步 ID: c971507f @ Mon Aug  3 01:07:41 UTC 2026
// 同步 ID: 3dcdfa6a @ Mon Aug  3 16:21:12 UTC 2026
// 重构日志: 147e2aa9
// 同步 ID: 40d84f1c @ Tue Aug  4 10:23:40 UTC 2026
// 重构日志: efaa1c18
// 同步 ID: d125916c @ Tue Aug  4 17:20:01 UTC 2026
// 同步 ID: 8b62d946 @ Wed Aug  5 01:00:20 UTC 2026
// 重构日志: 9b1522d7
// 重构日志: f6349185
// 同步 ID: ecc91204 @ Wed Aug  5 16:17:44 UTC 2026
// 同步 ID: 30963836 @ Thu Aug  6 04:44:12 UTC 2026
